// Jest Snapshot v1, https://goo.gl/fbAQLP

exports[`Routes/Navbar renders the Sign-up page without crashing 1`] = `
<Provider
  store={
    Object {
      "dispatch": [Function],
      "getState": [Function],
      "replaceReducer": [Function],
      "subscribe": [Function],
      Symbol(observable): [Function],
    }
  }
>
  <Routes>
    <Router
      history={
        Object {
          "action": "POP",
          "block": [Function],
          "createHref": [Function],
          "go": [Function],
          "goBack": [Function],
          "goForward": [Function],
          "length": 1,
          "listen": [Function],
          "location": Object {
            "hash": "",
            "pathname": "/",
            "search": "",
            "state": undefined,
          },
          "push": [Function],
          "replace": [Function],
        }
      }
    >
      <div>
        <nav
          className="navbar navbar-expand navbar-dark bg-dark"
        >
          <Link
            className="navbar-brand"
            to="/"
          >
            <LinkAnchor
              className="navbar-brand"
              href="/"
              navigate={[Function]}
            >
              <a
                className="navbar-brand"
                href="/"
                onClick={[Function]}
              >
                NavBar Brand
              </a>
            </LinkAnchor>
          </Link>
          <div
            className="navbar-nav mr-auto"
          >
            <li
              className="nav-item"
            >
              <Link
                className="nav-link"
                to="/home"
              >
                <LinkAnchor
                  className="nav-link"
                  href="/home"
                  navigate={[Function]}
                >
                  <a
                    className="nav-link"
                    href="/home"
                    onClick={[Function]}
                  >
                    Home
                  </a>
                </LinkAnchor>
              </Link>
            </li>
          </div>
          <div
            className="navbar-nav ml-auto"
          >
            <li
              className="nav-item"
            >
              <Link
                className="nav-link"
                to="/login"
              >
                <LinkAnchor
                  className="nav-link"
                  href="/login"
                  navigate={[Function]}
                >
                  <a
                    className="nav-link"
                    href="/login"
                    onClick={[Function]}
                  >
                    Login
                  </a>
                </LinkAnchor>
              </Link>
            </li>
            <li
              className="nav-item"
            >
              <Link
                className="nav-link"
                to="/register"
              >
                <LinkAnchor
                  className="nav-link"
                  href="/register"
                  navigate={[Function]}
                >
                  <a
                    className="nav-link"
                    href="/register"
                    onClick={[Function]}
                  >
                    Sign Up
                  </a>
                </LinkAnchor>
              </Link>
            </li>
          </div>
        </nav>
        <div
          className="container mt-3"
        >
          <Switch>
            <Route
              component={[Function]}
              computedMatch={
                Object {
                  "isExact": true,
                  "params": Object {},
                  "path": "/",
                  "url": "/",
                }
              }
              exact={true}
              location={
                Object {
                  "hash": "",
                  "pathname": "/",
                  "search": "",
                  "state": undefined,
                }
              }
              path={
                Array [
                  "/",
                  "/home",
                  "/logout",
                ]
              }
            >
              <Home
                history={
                  Object {
                    "action": "POP",
                    "block": [Function],
                    "createHref": [Function],
                    "go": [Function],
                    "goBack": [Function],
                    "goForward": [Function],
                    "length": 1,
                    "listen": [Function],
                    "location": Object {
                      "hash": "",
                      "pathname": "/",
                      "search": "",
                      "state": undefined,
                    },
                    "push": [Function],
                    "replace": [Function],
                  }
                }
                location={
                  Object {
                    "hash": "",
                    "pathname": "/",
                    "search": "",
                    "state": undefined,
                  }
                }
                match={
                  Object {
                    "isExact": true,
                    "params": Object {},
                    "path": "/",
                    "url": "/",
                  }
                }
              >
                <div
                  className="houses-container"
                >
                  <div>
                    Loading...
                  </div>
                </div>
              </Home>
            </Route>
          </Switch>
        </div>
      </div>
    </Router>
  </Routes>
</Provider>
`;
